
> client@0.0.0 build
> tsc -b && vite build

src/pages/worker/WorkerCompleted.tsx(28,49): error TS2345: Argument of type 'string | undefined' is not assignable to parameter of type '{}'.
  Type 'undefined' is not assignable to type '{}'.
src/pages/worker/WorkerMessages.tsx(28,30): error TS2345: Argument of type 'string | undefined' is not assignable to parameter of type '{}'.
  Type 'undefined' is not assignable to type '{}'.
src/pages/worker/WorkerMessages.tsx(31,54): error TS2339: Property 'report_id' does not exist on type 'never'.
src/pages/worker/WorkerMessages.tsx(42,82): error TS2339: Property 'report_id' does not exist on type 'never'.
