src/App.tsx(1,1): error TS6133: 'React' is declared but its value is never read.
src/components/Map.tsx(9,7): error TS6133: 'CheckCircle' is declared but its value is never read.
src/components/Map.tsx(10,7): error TS6133: 'Clock' is declared but its value is never read.
src/pages/Admin.tsx(6,7): error TS6133: 'MapPin' is declared but its value is never read.
src/pages/Admin.tsx(8,7): error TS6133: 'Clock' is declared but its value is never read.
src/pages/Admin.tsx(19,23): error TS6133: 'error' is declared but its value is never read.
src/pages/Report.tsx(3,1): error TS6133: 'supabase' is declared but its value is never read.
src/pages/Report.tsx(6,7): error TS6133: 'Upload' is declared but its value is never read.
src/pages/Worker.tsx(4,10): error TS2440: Import declaration conflicts with local declaration of 'MapPin'.
src/pages/Worker.tsx(4,18): error TS2440: Import declaration conflicts with local declaration of 'Camera'.
src/pages/Worker.tsx(4,18): error TS6133: 'Camera' is declared but its value is never read.
src/pages/Worker.tsx(4,26): error TS2440: Import declaration conflicts with local declaration of 'Navigation'.
src/pages/Worker.tsx(4,38): error TS2440: Import declaration conflicts with local declaration of 'CheckCircle'.
src/pages/Worker.tsx(7,7): error TS6133: 'Camera' is declared but its value is never read.
